app/api/newsletter/route.ts(61,18): error TS2353: Object literal may only specify known properties, and 'createdAt' does not exist in type 'NewsletterSubscriberOrderByWithRelationInput | NewsletterSubscriberOrderByWithRelationInput[]'.
app/api/webhooks/route.ts(12,39): error TS2339: Property 'webhook' does not exist on type 'PrismaClient<PrismaClientOptions, never, DefaultArgs>'.
app/api/webhooks/route.ts(29,38): error TS2339: Property 'webhook' does not exist on type 'PrismaClient<PrismaClientOptions, never, DefaultArgs>'.
app/api/webhooks/route.ts(54,22): error TS2339: Property 'webhook' does not exist on type 'PrismaClient<PrismaClientOptions, never, DefaultArgs>'.
components/activity-log/ActivityLogTable.tsx(185,72): error TS2339: Property 'entityId' does not exist on type 'ActivityLog'.
components/campaigns/StatusManager.tsx(112,34): error TS2304: Cannot find name 'Link'.
components/campaigns/StatusManager.tsx(118,35): error TS2304: Cannot find name 'Link'.
components/campaigns/StatusManager.tsx(119,34): error TS2304: Cannot find name 'Badge'.
components/campaigns/StatusManager.tsx(124,35): error TS2304: Cannot find name 'Badge'.
components/forms/PaymentForm.tsx(28,5): error TS2300: Duplicate identifier 'dueDate'.
components/forms/PaymentForm.tsx(29,5): error TS2300: Duplicate identifier 'dueDate'.
components/forms/PaymentForm.tsx(30,5): error TS2300: Duplicate identifier 'method'.
components/forms/PaymentForm.tsx(31,5): error TS2300: Duplicate identifier 'transactionId'.
components/forms/PaymentForm.tsx(32,5): error TS2300: Duplicate identifier 'dueDate'.
components/forms/PaymentForm.tsx(33,5): error TS2300: Duplicate identifier 'method'.
components/forms/PaymentForm.tsx(34,5): error TS2300: Duplicate identifier 'transactionId'.
components/forms/PaymentForm.tsx(58,9): error TS1117: An object literal cannot have multiple properties with the same name.
components/forms/PaymentForm.tsx(59,9): error TS1117: An object literal cannot have multiple properties with the same name.
components/forms/PaymentForm.tsx(60,9): error TS1117: An object literal cannot have multiple properties with the same name.
components/public/BlogDetailsPage.tsx(19,26): error TS2339: Property 'blogPosts' does not exist on type 'CMSConfig'.
components/public/BlogPage.tsx(78,30): error TS2339: Property 'blogPosts' does not exist on type 'CMSConfig'.
components/public/BlogPage.tsx(150,31): error TS7006: Parameter 'post' implicitly has an 'any' type.
components/public/BlogPage.tsx(150,37): error TS7006: Parameter 'index' implicitly has an 'any' type.
components/public/BlogPage.tsx(153,29): error TS2322: Type 'HTMLElement | null' is not assignable to type 'HTMLDivElement | null'.
  Property 'align' is missing in type 'HTMLElement' but required in type 'HTMLDivElement'.
components/public/donut/DonutModel.tsx(18,103): error TS2503: Cannot find namespace 'JSX'.
components/public/Navbar.tsx(186,85): error TS2339: Property 'logoType' does not exist on type 'CMSConfig'.
components/public/Navbar.tsx(197,26): error TS2339: Property 'brandColor' does not exist on type 'CMSConfig'.
components/public/Navbar.tsx(199,72): error TS2339: Property 'brandColor' does not exist on type 'CMSConfig'.
components/public/PricingPage.tsx(88,31): error TS2339: Property 'pricingData' does not exist on type 'CMSConfig'.
components/public/PricingPage.tsx(88,53): error TS2339: Property 'pricingData' does not exist on type 'CMSConfig'.
components/public/PricingPage.tsx(88,86): error TS2339: Property 'pricingData' does not exist on type 'CMSConfig'.
components/public/ProfilePage.tsx(41,24): error TS2339: Property 'image' does not exist on type '{ id: string; email: string; name: string; role: Role; }'.
components/public/ProfilePage.tsx(42,39): error TS2339: Property 'image' does not exist on type '{ id: string; email: string; name: string; role: Role; }'.
components/public/QuickContact.tsx(6,34): error TS2307: Cannot find module '@/hooks/useScrollTrigger' or its corresponding type declarations.
components/settings/WebsiteCMS.tsx(433,61): error TS2339: Property 'bannerActive' does not exist on type '{ primaryColor: string; secondaryColor: string; backgroundColor: string; headingFont: string; borderRadius: string; heroTitle: string; heroSubtitle: string; heroCtaText: string; heroCtaLink: string; ... 33 more ...; pricingData: any[]; }'.
components/settings/WebsiteCMS.tsx(437,58): error TS2339: Property 'bannerText' does not exist on type '{ primaryColor: string; secondaryColor: string; backgroundColor: string; headingFont: string; borderRadius: string; heroTitle: string; heroSubtitle: string; heroCtaText: string; heroCtaLink: string; ... 33 more ...; pricingData: any[]; }'.
components/settings/WebsiteCMS.tsx(441,58): error TS2339: Property 'bannerLink' does not exist on type '{ primaryColor: string; secondaryColor: string; backgroundColor: string; headingFont: string; borderRadius: string; heroTitle: string; heroSubtitle: string; heroCtaText: string; heroCtaLink: string; ... 33 more ...; pricingData: any[]; }'.
components/settings/WebsiteCMS.tsx(447,105): error TS2339: Property 'bannerBgColor' does not exist on type '{ primaryColor: string; secondaryColor: string; backgroundColor: string; headingFont: string; borderRadius: string; heroTitle: string; heroSubtitle: string; heroCtaText: string; heroCtaLink: string; ... 33 more ...; pricingData: any[]; }'.
components/settings/WebsiteCMS.tsx(448,66): error TS2339: Property 'bannerBgColor' does not exist on type '{ primaryColor: string; secondaryColor: string; backgroundColor: string; headingFont: string; borderRadius: string; heroTitle: string; heroSubtitle: string; heroCtaText: string; heroCtaLink: string; ... 33 more ...; pricingData: any[]; }'.
components/settings/WebsiteCMS.tsx(454,105): error TS2339: Property 'bannerTextColor' does not exist on type '{ primaryColor: string; secondaryColor: string; backgroundColor: string; headingFont: string; borderRadius: string; heroTitle: string; heroSubtitle: string; heroCtaText: string; heroCtaLink: string; ... 33 more ...; pricingData: any[]; }'.
components/settings/WebsiteCMS.tsx(455,66): error TS2339: Property 'bannerTextColor' does not exist on type '{ primaryColor: string; secondaryColor: string; backgroundColor: string; headingFont: string; borderRadius: string; heroTitle: string; heroSubtitle: string; heroCtaText: string; heroCtaLink: string; ... 33 more ...; pricingData: any[]; }'.
components/ui/Preloader.tsx(91,108): error TS2339: Property 'logoType' does not exist on type 'CMSConfig'.
components/users/PublicUsersPanel.tsx(170,71): error TS2322: Type '{ className: string; title: string; }' is not assignable to type 'IntrinsicAttributes & Omit<LucideProps, "ref"> & RefAttributes<SVGSVGElement>'.
  Property 'title' does not exist on type 'IntrinsicAttributes & Omit<LucideProps, "ref"> & RefAttributes<SVGSVGElement>'.
components/users/PublicUsersPanel.tsx(172,66): error TS2322: Type '{ className: string; title: string; }' is not assignable to type 'IntrinsicAttributes & Omit<LucideProps, "ref"> & RefAttributes<SVGSVGElement>'.
  Property 'title' does not exist on type 'IntrinsicAttributes & Omit<LucideProps, "ref"> & RefAttributes<SVGSVGElement>'.
components/users/PublicUsersPanel.tsx(175,71): error TS2322: Type '{ className: string; title: string; }' is not assignable to type 'IntrinsicAttributes & Omit<LucideProps, "ref"> & RefAttributes<SVGSVGElement>'.
  Property 'title' does not exist on type 'IntrinsicAttributes & Omit<LucideProps, "ref"> & RefAttributes<SVGSVGElement>'.
components/users/PublicUsersPanel.tsx(177,66): error TS2322: Type '{ className: string; title: string; }' is not assignable to type 'IntrinsicAttributes & Omit<LucideProps, "ref"> & RefAttributes<SVGSVGElement>'.
  Property 'title' does not exist on type 'IntrinsicAttributes & Omit<LucideProps, "ref"> & RefAttributes<SVGSVGElement>'.
Donot.tsx(26,32): error TS2352: Conversion of type 'GLTF & ObjectMap' to type 'GLTFResult' may be a mistake because neither type sufficiently overlaps with the other. If this was intentional, convert the expression to 'unknown' first.
  Type 'GLTF & ObjectMap' is not comparable to type '{ nodes: { Donut_Cartoon: Mesh<BufferGeometry<NormalBufferAttributes, BufferGeometryEventMap>, Material | Material[], Object3DEventMap>; Front: Mesh<...>; Body: Mesh<...>; }; materials: { ...; }; animations: any[]; }'.
    Types of property 'nodes' are incompatible.
      Type '{ [name: string]: Object3D<Object3DEventMap>; }' is missing the following properties from type '{ Donut_Cartoon: Mesh<BufferGeometry<NormalBufferAttributes, BufferGeometryEventMap>, Material | Material[], Object3DEventMap>; Front: Mesh<...>; Body: Mesh<...>; }': Donut_Cartoon, Front, Body
